// Jest Snapshot v1, https://goo.gl/fbAQLP

exports[`Confirm Dialog Confirm dialog custom message 1`] = `"\\"<p>Do you want to delete this?</p><fieldset class=\\\\\\"noBorder\\\\\\"><button type=\\\\\\"button\\\\\\">Yes</button><button type=\\\\\\"button\\\\\\" class=\\\\\\"noGap\\\\\\">No</button></fieldset>\\""`;

exports[`Confirm Dialog Confirm dialog default message 1`] = `"\\"<p>Are you sure?</p><fieldset class=\\\\\\"noBorder\\\\\\"><button type=\\\\\\"button\\\\\\">Yes</button><button type=\\\\\\"button\\\\\\" class=\\\\\\"noGap\\\\\\">No</button></fieldset>\\""`;
