// Jest Snapshot v1, https://goo.gl/fbAQLP

exports[`DisplayTime Snapshot Tests DisplayTime displays Hello World 1`] = `"\\"Mon, 27 Jan 2020 12:18:41 GMT\\""`;
