// Jest Snapshot v1, https://goo.gl/fbAQLP

exports[`ItemList Snapshot Tests ItemList displays Hello World 1`] = `"\\"<li><div>red</div></li><li><div>green</div></li><li><div>blue</div></li><li><div>brown</div></li><li><div>yellow</div></li>\\""`;
