// Jest Snapshot v1, https://goo.gl/fbAQLP

exports[`ToolHeader Snapshot Tests ToolHeader displays Hello World 1`] = `"\\"<h1>Hello World!</h1>\\""`;
